
Discarded input sections

 .data          0x00000000        0x0 obj/asm_reset.o
 .bss           0x00000000        0x0 obj/asm_reset.o
 .group         0x00000000        0xc obj/kernel_flash.o
 .group         0x00000000        0xc obj/kernel_flash.o
 .group         0x00000000        0xc obj/kernel_flash.o
 .group         0x00000000        0xc obj/kernel_flash.o
 .group         0x00000000        0xc obj/kernel_flash.o
 .group         0x00000000        0xc obj/kernel_flash.o
 .group         0x00000000        0xc obj/kernel_flash.o
 .group         0x00000000        0xc obj/kernel_flash.o
 .group         0x00000000        0xc obj/kernel_flash.o
 .group         0x00000000        0xc obj/kernel_flash.o
 .group         0x00000000        0xc obj/kernel_flash.o
 .group         0x00000000        0xc obj/kernel_flash.o
 .text          0x00000000        0x0 obj/kernel_flash.o
 .data          0x00000000        0x0 obj/kernel_flash.o
 .bss           0x00000000        0x0 obj/kernel_flash.o
 .text.flash_unlock
                0x00000000       0x28 obj/kernel_flash.o
 .text.flash_sector_erase
                0x00000000       0x40 obj/kernel_flash.o
 .text.flash_write_address
                0x00000000       0x2c obj/kernel_flash.o
 .text.flash_write_data
                0x00000000       0x44 obj/kernel_flash.o
 .debug_info    0x00000000      0x23f obj/kernel_flash.o
 .debug_abbrev  0x00000000      0x187 obj/kernel_flash.o
 .debug_loclists
                0x00000000      0x105 obj/kernel_flash.o
 .debug_aranges
                0x00000000       0x38 obj/kernel_flash.o
 .debug_rnglists
                0x00000000       0x43 obj/kernel_flash.o
 .debug_macro   0x00000000       0xc0 obj/kernel_flash.o
 .debug_macro   0x00000000      0xaba obj/kernel_flash.o
 .debug_macro   0x00000000       0x22 obj/kernel_flash.o
 .debug_macro   0x00000000       0x60 obj/kernel_flash.o
 .debug_macro   0x00000000       0x24 obj/kernel_flash.o
 .debug_macro   0x00000000       0x94 obj/kernel_flash.o
 .debug_macro   0x00000000       0x3c obj/kernel_flash.o
 .debug_macro   0x00000000      0x103 obj/kernel_flash.o
 .debug_macro   0x00000000       0x3a obj/kernel_flash.o
 .debug_macro   0x00000000      0x34e obj/kernel_flash.o
 .debug_macro   0x00000000       0x89 obj/kernel_flash.o
 .debug_macro   0x00000000      0x379 obj/kernel_flash.o
 .debug_macro   0x00000000       0x40 obj/kernel_flash.o
 .debug_line    0x00000000      0x36d obj/kernel_flash.o
 .debug_str     0x00000000     0x4f73 obj/kernel_flash.o
 .comment       0x00000000       0x27 obj/kernel_flash.o
 .debug_frame   0x00000000       0x68 obj/kernel_flash.o
 .ARM.attributes
                0x00000000       0x2e obj/kernel_flash.o
 .group         0x00000000        0xc obj/kernel_fpu.o
 .group         0x00000000        0xc obj/kernel_fpu.o
 .group         0x00000000        0xc obj/kernel_fpu.o
 .group         0x00000000        0xc obj/kernel_fpu.o
 .group         0x00000000        0xc obj/kernel_fpu.o
 .group         0x00000000        0xc obj/kernel_fpu.o
 .group         0x00000000        0xc obj/kernel_fpu.o
 .group         0x00000000        0xc obj/kernel_fpu.o
 .group         0x00000000        0xc obj/kernel_fpu.o
 .group         0x00000000        0xc obj/kernel_fpu.o
 .group         0x00000000        0xc obj/kernel_fpu.o
 .text          0x00000000        0x0 obj/kernel_fpu.o
 .data          0x00000000        0x0 obj/kernel_fpu.o
 .bss           0x00000000        0x0 obj/kernel_fpu.o
 .text.fpu_init
                0x00000000       0x18 obj/kernel_fpu.o
 .debug_info    0x00000000       0xe7 obj/kernel_fpu.o
 .debug_abbrev  0x00000000       0x99 obj/kernel_fpu.o
 .debug_aranges
                0x00000000       0x20 obj/kernel_fpu.o
 .debug_rnglists
                0x00000000       0x13 obj/kernel_fpu.o
 .debug_macro   0x00000000       0xa3 obj/kernel_fpu.o
 .debug_macro   0x00000000      0xaba obj/kernel_fpu.o
 .debug_macro   0x00000000       0x22 obj/kernel_fpu.o
 .debug_macro   0x00000000       0x60 obj/kernel_fpu.o
 .debug_macro   0x00000000       0x24 obj/kernel_fpu.o
 .debug_macro   0x00000000       0x94 obj/kernel_fpu.o
 .debug_macro   0x00000000       0x3c obj/kernel_fpu.o
 .debug_macro   0x00000000      0x103 obj/kernel_fpu.o
 .debug_macro   0x00000000       0x3a obj/kernel_fpu.o
 .debug_macro   0x00000000      0x34e obj/kernel_fpu.o
 .debug_macro   0x00000000       0x89 obj/kernel_fpu.o
 .debug_macro   0x00000000      0x379 obj/kernel_fpu.o
 .debug_line    0x00000000      0x174 obj/kernel_fpu.o
 .debug_str     0x00000000     0x4df4 obj/kernel_fpu.o
 .comment       0x00000000       0x27 obj/kernel_fpu.o
 .debug_frame   0x00000000       0x20 obj/kernel_fpu.o
 .ARM.attributes
                0x00000000       0x2e obj/kernel_fpu.o
 .group         0x00000000        0xc obj/kernel_gpio.o
 .group         0x00000000        0xc obj/kernel_gpio.o
 .group         0x00000000        0xc obj/kernel_gpio.o
 .group         0x00000000        0xc obj/kernel_gpio.o
 .text          0x00000000        0x0 obj/kernel_gpio.o
 .data          0x00000000        0x0 obj/kernel_gpio.o
 .bss           0x00000000        0x0 obj/kernel_gpio.o
 .text.gpio_set
                0x00000000       0x14 obj/kernel_gpio.o
 .text.gpio_clr
                0x00000000       0x14 obj/kernel_gpio.o
 .text.gpio_read
                0x00000000       0x1c obj/kernel_gpio.o
 .debug_macro   0x00000000      0xaba obj/kernel_gpio.o
 .debug_macro   0x00000000      0x34e obj/kernel_gpio.o
 .group         0x00000000        0xc obj/kernel_handlers.o
 .group         0x00000000        0xc obj/kernel_handlers.o
 .group         0x00000000        0xc obj/kernel_handlers.o
 .group         0x00000000        0xc obj/kernel_handlers.o
 .group         0x00000000        0xc obj/kernel_handlers.o
 .group         0x00000000        0xc obj/kernel_handlers.o
 .group         0x00000000        0xc obj/kernel_handlers.o
 .group         0x00000000        0xc obj/kernel_handlers.o
 .group         0x00000000        0xc obj/kernel_handlers.o
 .group         0x00000000        0xc obj/kernel_handlers.o
 .group         0x00000000        0xc obj/kernel_handlers.o
 .group         0x00000000        0xc obj/kernel_handlers.o
 .group         0x00000000        0xc obj/kernel_handlers.o
 .group         0x00000000        0xc obj/kernel_handlers.o
 .group         0x00000000        0xc obj/kernel_handlers.o
 .group         0x00000000        0xc obj/kernel_handlers.o
 .text          0x00000000        0x0 obj/kernel_handlers.o
 .data          0x00000000        0x0 obj/kernel_handlers.o
 .bss           0x00000000        0x0 obj/kernel_handlers.o
 .debug_macro   0x00000000      0xaba obj/kernel_handlers.o
 .debug_macro   0x00000000       0x22 obj/kernel_handlers.o
 .debug_macro   0x00000000       0x60 obj/kernel_handlers.o
 .debug_macro   0x00000000       0x24 obj/kernel_handlers.o
 .debug_macro   0x00000000       0x94 obj/kernel_handlers.o
 .debug_macro   0x00000000       0x3c obj/kernel_handlers.o
 .debug_macro   0x00000000      0x103 obj/kernel_handlers.o
 .debug_macro   0x00000000       0x3a obj/kernel_handlers.o
 .debug_macro   0x00000000      0x34e obj/kernel_handlers.o
 .debug_macro   0x00000000       0x89 obj/kernel_handlers.o
 .debug_macro   0x00000000      0x379 obj/kernel_handlers.o
 .group         0x00000000        0xc obj/kernel_main.o
 .group         0x00000000        0xc obj/kernel_main.o
 .group         0x00000000        0xc obj/kernel_main.o
 .group         0x00000000        0xc obj/kernel_main.o
 .group         0x00000000        0xc obj/kernel_main.o
 .group         0x00000000        0xc obj/kernel_main.o
 .group         0x00000000        0xc obj/kernel_main.o
 .group         0x00000000        0xc obj/kernel_main.o
 .group         0x00000000        0xc obj/kernel_main.o
 .group         0x00000000        0xc obj/kernel_main.o
 .group         0x00000000        0xc obj/kernel_main.o
 .group         0x00000000        0xc obj/kernel_main.o
 .group         0x00000000        0xc obj/kernel_main.o
 .group         0x00000000        0xc obj/kernel_main.o
 .group         0x00000000        0xc obj/kernel_main.o
 .text          0x00000000        0x0 obj/kernel_main.o
 .data          0x00000000        0x0 obj/kernel_main.o
 .bss           0x00000000        0x0 obj/kernel_main.o
 .text.test_zeroing_bss
                0x00000000       0x48 obj/kernel_main.o
 .data.data     0x00000000       0x22 obj/kernel_main.o
 .debug_macro   0x00000000      0xaba obj/kernel_main.o
 .debug_macro   0x00000000      0x34e obj/kernel_main.o
 .debug_macro   0x00000000       0x22 obj/kernel_main.o
 .debug_macro   0x00000000       0x60 obj/kernel_main.o
 .debug_macro   0x00000000       0x24 obj/kernel_main.o
 .debug_macro   0x00000000       0x94 obj/kernel_main.o
 .debug_macro   0x00000000       0x3c obj/kernel_main.o
 .debug_macro   0x00000000      0x103 obj/kernel_main.o
 .debug_macro   0x00000000       0x3a obj/kernel_main.o
 .debug_macro   0x00000000       0x89 obj/kernel_main.o
 .debug_macro   0x00000000      0x379 obj/kernel_main.o
 .debug_macro   0x00000000       0x10 obj/kernel_main.o
 .debug_macro   0x00000000       0x22 obj/kernel_main.o
 .debug_macro   0x00000000       0x10 obj/kernel_main.o
 .debug_macro   0x00000000       0x40 obj/kernel_main.o
 .group         0x00000000        0xc obj/kernel_nvic.o
 .group         0x00000000        0xc obj/kernel_nvic.o
 .group         0x00000000        0xc obj/kernel_nvic.o
 .text          0x00000000        0x0 obj/kernel_nvic.o
 .data          0x00000000        0x0 obj/kernel_nvic.o
 .bss           0x00000000        0x0 obj/kernel_nvic.o
 .text.save_interrupt_state_and_disable
                0x00000000       0x10 obj/kernel_nvic.o
 .text.restore_interrupt_state
                0x00000000        0x8 obj/kernel_nvic.o
 .debug_macro   0x00000000      0xaba obj/kernel_nvic.o
 .debug_macro   0x00000000      0x34e obj/kernel_nvic.o
 .debug_macro   0x00000000       0x22 obj/kernel_nvic.o
 .group         0x00000000        0xc obj/kernel_systick.o
 .group         0x00000000        0xc obj/kernel_systick.o
 .group         0x00000000        0xc obj/kernel_systick.o
 .group         0x00000000        0xc obj/kernel_systick.o
 .group         0x00000000        0xc obj/kernel_systick.o
 .group         0x00000000        0xc obj/kernel_systick.o
 .group         0x00000000        0xc obj/kernel_systick.o
 .group         0x00000000        0xc obj/kernel_systick.o
 .group         0x00000000        0xc obj/kernel_systick.o
 .group         0x00000000        0xc obj/kernel_systick.o
 .group         0x00000000        0xc obj/kernel_systick.o
 .text          0x00000000        0x0 obj/kernel_systick.o
 .data          0x00000000        0x0 obj/kernel_systick.o
 .bss           0x00000000        0x0 obj/kernel_systick.o
 .text.systick_delay
                0x00000000       0x14 obj/kernel_systick.o
 .debug_macro   0x00000000      0xaba obj/kernel_systick.o
 .debug_macro   0x00000000       0x22 obj/kernel_systick.o
 .debug_macro   0x00000000       0x60 obj/kernel_systick.o
 .debug_macro   0x00000000       0x24 obj/kernel_systick.o
 .debug_macro   0x00000000       0x94 obj/kernel_systick.o
 .debug_macro   0x00000000       0x3c obj/kernel_systick.o
 .debug_macro   0x00000000      0x103 obj/kernel_systick.o
 .debug_macro   0x00000000       0x3a obj/kernel_systick.o
 .debug_macro   0x00000000      0x34e obj/kernel_systick.o
 .debug_macro   0x00000000       0x89 obj/kernel_systick.o
 .debug_macro   0x00000000      0x379 obj/kernel_systick.o
 .group         0x00000000        0xc obj/kernel_thread.o
 .group         0x00000000        0xc obj/kernel_thread.o
 .group         0x00000000        0xc obj/kernel_thread.o
 .group         0x00000000        0xc obj/kernel_thread.o
 .group         0x00000000        0xc obj/kernel_thread.o
 .group         0x00000000        0xc obj/kernel_thread.o
 .group         0x00000000        0xc obj/kernel_thread.o
 .group         0x00000000        0xc obj/kernel_thread.o
 .group         0x00000000        0xc obj/kernel_thread.o
 .group         0x00000000        0xc obj/kernel_thread.o
 .group         0x00000000        0xc obj/kernel_thread.o
 .group         0x00000000        0xc obj/kernel_thread.o
 .group         0x00000000        0xc obj/kernel_thread.o
 .group         0x00000000        0xc obj/kernel_thread.o
 .text          0x00000000        0x0 obj/kernel_thread.o
 .data          0x00000000        0x0 obj/kernel_thread.o
 .bss           0x00000000        0x0 obj/kernel_thread.o
 .text.clr_pend_pendsv
                0x00000000       0x10 obj/kernel_thread.o
 .bss.scheduler_ready
                0x00000000        0x1 obj/kernel_thread.o
 .debug_macro   0x00000000      0xaba obj/kernel_thread.o
 .debug_macro   0x00000000       0x22 obj/kernel_thread.o
 .debug_macro   0x00000000       0x60 obj/kernel_thread.o
 .debug_macro   0x00000000       0x24 obj/kernel_thread.o
 .debug_macro   0x00000000       0x94 obj/kernel_thread.o
 .debug_macro   0x00000000       0x3c obj/kernel_thread.o
 .debug_macro   0x00000000      0x103 obj/kernel_thread.o
 .debug_macro   0x00000000       0x3a obj/kernel_thread.o
 .debug_macro   0x00000000      0x34e obj/kernel_thread.o
 .debug_macro   0x00000000       0x89 obj/kernel_thread.o
 .debug_macro   0x00000000      0x379 obj/kernel_thread.o
 .debug_macro   0x00000000       0x10 obj/kernel_thread.o
 .debug_macro   0x00000000       0x10 obj/kernel_thread.o
 .debug_macro   0x00000000       0x10 obj/kernel_thread.o
 .group         0x00000000        0xc obj/kernel_uart.o
 .group         0x00000000        0xc obj/kernel_uart.o
 .group         0x00000000        0xc obj/kernel_uart.o
 .group         0x00000000        0xc obj/kernel_uart.o
 .group         0x00000000        0xc obj/kernel_uart.o
 .group         0x00000000        0xc obj/kernel_uart.o
 .group         0x00000000        0xc obj/kernel_uart.o
 .group         0x00000000        0xc obj/kernel_uart.o
 .group         0x00000000        0xc obj/kernel_uart.o
 .group         0x00000000        0xc obj/kernel_uart.o
 .group         0x00000000        0xc obj/kernel_uart.o
 .group         0x00000000        0xc obj/kernel_uart.o
 .group         0x00000000        0xc obj/kernel_uart.o
 .group         0x00000000        0xc obj/kernel_uart.o
 .group         0x00000000        0xc obj/kernel_uart.o
 .group         0x00000000        0xc obj/kernel_uart.o
 .text          0x00000000        0x0 obj/kernel_uart.o
 .data          0x00000000        0x0 obj/kernel_uart.o
 .bss           0x00000000        0x0 obj/kernel_uart.o
 .text.uart_flush
                0x00000000       0x10 obj/kernel_uart.o
 .debug_macro   0x00000000      0xaba obj/kernel_uart.o
 .debug_macro   0x00000000       0x22 obj/kernel_uart.o
 .debug_macro   0x00000000       0x60 obj/kernel_uart.o
 .debug_macro   0x00000000       0x24 obj/kernel_uart.o
 .debug_macro   0x00000000       0x94 obj/kernel_uart.o
 .debug_macro   0x00000000       0x3c obj/kernel_uart.o
 .debug_macro   0x00000000      0x103 obj/kernel_uart.o
 .debug_macro   0x00000000       0x3a obj/kernel_uart.o
 .debug_macro   0x00000000      0x34e obj/kernel_uart.o
 .debug_macro   0x00000000       0x89 obj/kernel_uart.o
 .debug_macro   0x00000000      0x379 obj/kernel_uart.o
 .debug_macro   0x00000000       0x10 obj/kernel_uart.o
 .debug_macro   0x00000000       0x10 obj/kernel_uart.o
 .debug_macro   0x00000000       0xb2 obj/kernel_uart.o
 .debug_macro   0x00000000       0x2e obj/kernel_uart.o
 .debug_macro   0x00000000       0x22 obj/kernel_uart.o
 .group         0x00000000        0xc obj/usercode_terminal.o
 .text          0x00000000        0x0 obj/usercode_terminal.o
 .data          0x00000000        0x0 obj/usercode_terminal.o
 .bss           0x00000000        0x0 obj/usercode_terminal.o
 .debug_macro   0x00000000      0xaba obj/usercode_terminal.o
 .group         0x00000000        0xc obj/usercode_user_main.o
 .group         0x00000000        0xc obj/usercode_user_main.o
 .group         0x00000000        0xc obj/usercode_user_main.o
 .group         0x00000000        0xc obj/usercode_user_main.o
 .group         0x00000000        0xc obj/usercode_user_main.o
 .group         0x00000000        0xc obj/usercode_user_main.o
 .group         0x00000000        0xc obj/usercode_user_main.o
 .group         0x00000000        0xc obj/usercode_user_main.o
 .group         0x00000000        0xc obj/usercode_user_main.o
 .group         0x00000000        0xc obj/usercode_user_main.o
 .group         0x00000000        0xc obj/usercode_user_main.o
 .group         0x00000000        0xc obj/usercode_user_main.o
 .group         0x00000000        0xc obj/usercode_user_main.o
 .text          0x00000000        0x0 obj/usercode_user_main.o
 .data          0x00000000        0x0 obj/usercode_user_main.o
 .bss           0x00000000        0x0 obj/usercode_user_main.o
 .debug_macro   0x00000000      0xaba obj/usercode_user_main.o
 .debug_macro   0x00000000       0x22 obj/usercode_user_main.o
 .debug_macro   0x00000000       0x60 obj/usercode_user_main.o
 .debug_macro   0x00000000       0x24 obj/usercode_user_main.o
 .debug_macro   0x00000000       0x94 obj/usercode_user_main.o
 .debug_macro   0x00000000       0x3c obj/usercode_user_main.o
 .debug_macro   0x00000000      0x103 obj/usercode_user_main.o
 .debug_macro   0x00000000       0x3a obj/usercode_user_main.o
 .debug_macro   0x00000000      0x34e obj/usercode_user_main.o
 .debug_macro   0x00000000       0x89 obj/usercode_user_main.o
 .debug_macro   0x00000000      0x379 obj/usercode_user_main.o
 .debug_macro   0x00000000       0x10 obj/usercode_user_main.o
 .debug_macro   0x00000000       0x10 obj/usercode_user_main.o
 .data          0x00000000        0x0 obj/userasm_init.o
 .bss           0x00000000        0x0 obj/userasm_init.o
 .data          0x00000000        0x0 obj/userasm_svc.o
 .bss           0x00000000        0x0 obj/userasm_svc.o

Memory Configuration

Name             Origin             Length             Attributes
FLASH_CODE       0x08000000         0x00080000         xr
RAM              0x20000000         0x00018000         xrw
*default*        0x00000000         0xffffffff

Linker script and memory map

LOAD obj/asm_reset.o
LOAD obj/kernel_flash.o
LOAD obj/kernel_fpu.o
LOAD obj/kernel_gpio.o
LOAD obj/kernel_handlers.o
LOAD obj/kernel_main.o
LOAD obj/kernel_nvic.o
LOAD obj/kernel_systick.o
LOAD obj/kernel_thread.o
LOAD obj/kernel_uart.o
LOAD obj/usercode_terminal.o
LOAD obj/usercode_user_main.o
LOAD obj/userasm_init.o
LOAD obj/userasm_svc.o
START GROUP
LOAD /usr/lib/gcc/arm-none-eabi/13.2.1/thumb/v7e-m/nofp/libgcc.a
LOAD /usr/lib/gcc/arm-none-eabi/13.2.1/../../../arm-none-eabi/lib/thumb/v7e-m/nofp/libc_nano.a
END GROUP
START GROUP
LOAD /usr/lib/gcc/arm-none-eabi/13.2.1/thumb/v7e-m/nofp/libgcc.a
LOAD /usr/lib/gcc/arm-none-eabi/13.2.1/../../../arm-none-eabi/lib/thumb/v7e-m/nofp/libc_nano.a
END GROUP
                0x20004000                        PROVIDE (__msp_stack_top = (ORIGIN (RAM) + LENGTH (RAM)))

.isr_vector     0x08000000      0x154
 *(.isr_vector)
 .isr_vector    0x08000000      0x152 obj/asm_reset.o
                0x08000000                isr_vector
                0x08000150                spin
                0x08000154                        . = ALIGN (0x4)
 *fill*         0x08000152        0x2 
                0x08000154                        _eisr_vector = .

.text           0x08000154      0x898
                0x08000154                        _text_start = .
 *(.text.reset)
 *(.text.kernel*)
 .text.kernel_main
                0x08000154       0x60 obj/kernel_main.o
                0x08000154                kernel_main
 *(.text.user*)
 *(.swi_stub)
 *(.text*)
 .text          0x080001b4       0x80 obj/asm_reset.o
                0x080001b4                reset
                0x080001f6                pendsv_handler
                0x08000214                svc_handler
 .text.gpio_init
                0x08000234       0x70 obj/kernel_gpio.o
                0x08000234                gpio_init
 .text.nmi      0x080002a4        0x4 obj/kernel_handlers.o
                0x080002a4                nmi
 .text.hard_fault
                0x080002a8        0x4 obj/kernel_handlers.o
                0x080002a8                hard_fault
 .text.mm_fault
                0x080002ac        0x4 obj/kernel_handlers.o
                0x080002ac                mm_fault
 .text.bus_fault
                0x080002b0        0x4 obj/kernel_handlers.o
                0x080002b0                bus_fault
 .text.usage_fault
                0x080002b4        0x4 obj/kernel_handlers.o
                0x080002b4                usage_fault
 .text.USART2_IRQHandler
                0x080002b8       0x40 obj/kernel_handlers.o
                0x080002b8                USART2_IRQHandler
 .text.systick_handler
                0x080002f8       0x10 obj/kernel_handlers.o
                0x080002f8                systick_handler
 .text.svc_C_handler
                0x08000308       0x34 obj/kernel_handlers.o
                0x08000308                svc_C_handler
 .text.change_interrupt_status
                0x0800033c       0x48 obj/kernel_nvic.o
                0x0800033c                change_interrupt_status
 .text.systick_init
                0x08000384       0x28 obj/kernel_systick.o
                0x08000384                systick_init
 .text.pend_pendsv
                0x080003ac       0x10 obj/kernel_thread.o
                0x080003ac                pend_pendsv
 .text.pendsv_C_handler
                0x080003bc       0x94 obj/kernel_thread.o
                0x080003bc                pendsv_C_handler
 .text._nthread_run
                0x08000450       0xe0 obj/kernel_thread.o
                0x08000450                _nthread_run
 .text._initialize_threads
                0x08000530       0xf0 obj/kernel_thread.o
                0x08000530                _initialize_threads
 .text._nthread_create
                0x08000620       0x38 obj/kernel_thread.o
                0x08000620                _nthread_create
 .text._nthread_kill
                0x08000658       0x8c obj/kernel_thread.o
                0x08000658                _nthread_kill
 .text._start   0x080006e4       0x18 obj/kernel_thread.o
                0x080006e4                _start
 .text.uart_init
                0x080006fc       0x84 obj/kernel_uart.o
                0x080006fc                uart_init
 .text.USART2_tx_handler
                0x08000780       0x48 obj/kernel_uart.o
                0x08000780                USART2_tx_handler
 .text.USART2_rx_handler
                0x080007c8       0x48 obj/kernel_uart.o
                0x080007c8                USART2_rx_handler
 .text.uart_putchar
                0x08000810       0xc8 obj/kernel_uart.o
                0x08000810                uart_putchar
 .text.uart_getchar
                0x080008d8       0x20 obj/kernel_uart.o
                0x080008d8                uart_getchar
 .text.uart_puts
                0x080008f8       0x18 obj/kernel_uart.o
                0x080008f8                uart_puts
 .text.terminal_main
                0x08000910        0x4 obj/usercode_terminal.o
                0x08000910                terminal_main
 .text.thread1  0x08000914       0x10 obj/usercode_user_main.o
                0x08000914                thread1
 .text.thread2  0x08000924       0x10 obj/usercode_user_main.o
                0x08000924                thread2
 .text.thread3  0x08000934       0x10 obj/usercode_user_main.o
                0x08000934                thread3
 .text.thread4  0x08000944       0x10 obj/usercode_user_main.o
                0x08000944                thread4
 .text.__init__
                0x08000954       0x68 obj/usercode_user_main.o
                0x08000954                __init__
 .text          0x080009bc       0x1c obj/userasm_init.o
                0x080009bc                __pre__init__
 .text          0x080009d8       0x14 obj/userasm_svc.o
                0x080009d8                nthread_create
                0x080009dc                initialize_threads
                0x080009e0                nthread_kill
                0x080009e4                nthread_run
                0x080009e8                start
                0x080009ec                        _text_end = .

.glue_7         0x080009ec        0x0
 .glue_7        0x080009ec        0x0 linker stubs

.glue_7t        0x080009ec        0x0
 .glue_7t       0x080009ec        0x0 linker stubs

.vfp11_veneer   0x080009ec        0x0
 .vfp11_veneer  0x080009ec        0x0 linker stubs

.v4_bx          0x080009ec        0x0
 .v4_bx         0x080009ec        0x0 linker stubs

.iplt           0x080009ec        0x0
 .iplt          0x080009ec        0x0 obj/asm_reset.o

.rodata         0x080009ec      0x2a9
                0x08000c00                        . = ALIGN (0x400)
 *fill*         0x080009ec      0x214 
                0x08000c00                        _k_rodata = .
 *(.rodata.kernel*)
                0x08000c00                        . = ALIGN (0x400)
                0x08000c00                        _u_rodata = .
 *(.rodata.user*)
 *(.rodata*)
 .rodata.gpio_regs
                0x08000c00        0xc obj/kernel_gpio.o
                0x08000c00                gpio_regs
 .rodata.gpio_en
                0x08000c0c       0x14 obj/kernel_gpio.o
                0x08000c0c                gpio_en
 .rodata.thread1.str1.4
                0x08000c20       0x75 obj/usercode_user_main.o
                                 0x15 (size before relaxing)
 .rodata.thread2.str1.4
                0x08000c95       0x15 obj/usercode_user_main.o
 .rodata.thread3.str1.4
                0x08000c95       0x16 obj/usercode_user_main.o
 .rodata.thread4.str1.4
                0x08000c95       0x16 obj/usercode_user_main.o
 .rodata.__init__.str1.4
                0x08000c95       0x15 obj/usercode_user_main.o
                0x08000c95                        _u_erodata = .
                0x08000c95                        _erodata = .

.rel.dyn        0x08000c98        0x0
 .rel.iplt      0x08000c98        0x0 obj/asm_reset.o

.data           0x20000000       0x10 load address 0x08000c95
                0x20000000                        . = ALIGN (0x4)
                0x20000000                        _k_data = .
 *(.data.kernel*)
                0x20000000                        . = ALIGN (0x400)
                0x20000000                        _u_data = .
 *(.data.user*)
 *(.data*)
 .data.available_threads
                0x20000000        0x4 obj/kernel_thread.o
 .data.num_threads_running
                0x20000004        0x4 obj/kernel_thread.o
 .data.num_threads
                0x20000008        0x4 obj/kernel_thread.o
 .data.val      0x2000000c        0x4 obj/usercode_user_main.o
                0x2000000c                val
                0x20000010                        _u_edata = .

.igot.plt       0x20000010        0x0 load address 0x08000ca8
 .igot.plt      0x20000010        0x0 obj/asm_reset.o

.bss            0x20000010      0x7f0 load address 0x08000ca8
                0x20000010                        . = ALIGN (0x4)
                0x20000010                        _bss_start = .
                0x20000010                        _k_bss = .
 *(.bss.kernel*)
 *(.bss*)
 .bss.FibonacciNumbers
                0x20000010       0x28 obj/kernel_main.o
                0x20000010                FibonacciNumbers
 .bss.systick_ticks
                0x20000038        0x4 obj/kernel_systick.o
                0x20000038                systick_ticks
 .bss.available_psp
                0x2000003c       0x80 obj/kernel_thread.o
 .bss.available_msp
                0x200000bc       0x80 obj/kernel_thread.o
 .bss.threads   0x2000013c      0x210 obj/kernel_thread.o
 .bss.thread_info
                0x2000034c      0x108 obj/kernel_thread.o
 .bss.max_threads
                0x20000454        0x4 obj/kernel_thread.o
 .bss.curr_thread
                0x20000458        0x4 obj/kernel_thread.o
 .bss.uart_rx_buf
                0x2000045c       0x18 obj/kernel_uart.o
                0x2000045c                uart_rx_buf
 .bss.uart_tx_buf
                0x20000474       0x18 obj/kernel_uart.o
                0x20000474                uart_tx_buf
 *(COMMON)
                0x20000800                        . = ALIGN (0x400)
 *fill*         0x2000048c      0x374 
                0x20000800                        _u_bss = .
 *(.bss.user*)
 *(COMMON)
                0x20000800                        _u_ebss = .
                0x000007f0                        _bss_size = (_u_ebss - _bss_start)
                0x00000010                        _data_size = (_u_edata - _k_data)
                0x20002000                        . = ALIGN (0x2000)
                0x20002000                        __heap_low = .
                0x20003000                        . = (. + 0x1000)
                0x20003000                        __heap_top = .
                0x20003000                        __psp_stack_bottom = .
                0x20003800                        . = (. + 0x800)
                0x20003800                        __psp_stack_top = .
                0x20003800                        __msp_stack_bottom = .
                0x20004000                        . = (. + 0x800)
                0x20004000                        __msp_stack_top = .
                0x20004000                        __kheap_low_0 = .
                0x20006000                        . = (. + 0x2000)
                0x20006000                        __kheap_top_0 = .
                0x20008000                        . = ALIGN (0x8000)
                0x20008000                        __thread_u_stacks_low = .
                0x20010000                        . = (. + 0x8000)
                0x20010000                        __thread_u_stacks_top = .
                0x20010000                        __thread_k_stacks_low = .
                0x20018000                        . = (. + 0x8000)
                0x20018000                        __thread_k_stacks_top = .
                0x20018000                        end = .
OUTPUT(build/kernel.elf elf32-littlearm)
LOAD linker stubs

.ARM.attributes
                0x00000000       0x2f
 .ARM.attributes
                0x00000000       0x21 obj/asm_reset.o
 .ARM.attributes
                0x00000021       0x2e obj/kernel_gpio.o
 .ARM.attributes
                0x0000004f       0x2e obj/kernel_handlers.o
 .ARM.attributes
                0x0000007d       0x2e obj/kernel_main.o
 .ARM.attributes
                0x000000ab       0x2e obj/kernel_nvic.o
 .ARM.attributes
                0x000000d9       0x2e obj/kernel_systick.o
 .ARM.attributes
                0x00000107       0x2e obj/kernel_thread.o
 .ARM.attributes
                0x00000135       0x2e obj/kernel_uart.o
 .ARM.attributes
                0x00000163       0x2e obj/usercode_terminal.o
 .ARM.attributes
                0x00000191       0x2e obj/usercode_user_main.o
 .ARM.attributes
                0x000001bf       0x21 obj/userasm_init.o
 .ARM.attributes
                0x000001e0       0x21 obj/userasm_svc.o

.comment        0x00000000       0x26
 .comment       0x00000000       0x26 obj/kernel_gpio.o
                                 0x27 (size before relaxing)
 .comment       0x00000026       0x27 obj/kernel_handlers.o
 .comment       0x00000026       0x27 obj/kernel_main.o
 .comment       0x00000026       0x27 obj/kernel_nvic.o
 .comment       0x00000026       0x27 obj/kernel_systick.o
 .comment       0x00000026       0x27 obj/kernel_thread.o
 .comment       0x00000026       0x27 obj/kernel_uart.o
 .comment       0x00000026       0x27 obj/usercode_terminal.o
 .comment       0x00000026       0x27 obj/usercode_user_main.o

.debug_line     0x00000000     0x1e61
 .debug_line    0x00000000       0x7a obj/asm_reset.o
 .debug_line    0x0000007a      0x190 obj/kernel_gpio.o
 .debug_line    0x0000020a      0x2e2 obj/kernel_handlers.o
 .debug_line    0x000004ec      0x424 obj/kernel_main.o
 .debug_line    0x00000910      0x116 obj/kernel_nvic.o
 .debug_line    0x00000a26      0x1c4 obj/kernel_systick.o
 .debug_line    0x00000bea      0x89d obj/kernel_thread.o
 .debug_line    0x00001487      0x64f obj/kernel_uart.o
 .debug_line    0x00001ad6       0x4b obj/usercode_terminal.o
 .debug_line    0x00001b21      0x29f obj/usercode_user_main.o
 .debug_line    0x00001dc0       0x4f obj/userasm_init.o
 .debug_line    0x00001e0f       0x52 obj/userasm_svc.o

.debug_line_str
                0x00000000       0x38
 .debug_line_str
                0x00000000       0x38 obj/asm_reset.o
                                 0x26 (size before relaxing)
 .debug_line_str
                0x00000038       0x2a obj/userasm_init.o
 .debug_line_str
                0x00000038       0x29 obj/userasm_svc.o

.debug_info     0x00000000     0x26a2
 .debug_info    0x00000000       0x25 obj/asm_reset.o
 .debug_info    0x00000025      0x50e obj/kernel_gpio.o
 .debug_info    0x00000533      0x361 obj/kernel_handlers.o
 .debug_info    0x00000894      0x1d8 obj/kernel_main.o
 .debug_info    0x00000a6c      0x1ea obj/kernel_nvic.o
 .debug_info    0x00000c56      0x153 obj/kernel_systick.o
 .debug_info    0x00000da9      0xc1f obj/kernel_thread.o
 .debug_info    0x000019c8      0x983 obj/kernel_uart.o
 .debug_info    0x0000234b       0x48 obj/usercode_terminal.o
 .debug_info    0x00002393      0x2c7 obj/usercode_user_main.o
 .debug_info    0x0000265a       0x24 obj/userasm_init.o
 .debug_info    0x0000267e       0x24 obj/userasm_svc.o

.debug_abbrev   0x00000000      0xea6
 .debug_abbrev  0x00000000       0x14 obj/asm_reset.o
 .debug_abbrev  0x00000014      0x19b obj/kernel_gpio.o
 .debug_abbrev  0x000001af      0x209 obj/kernel_handlers.o
 .debug_abbrev  0x000003b8      0x155 obj/kernel_main.o
 .debug_abbrev  0x0000050d      0x125 obj/kernel_nvic.o
 .debug_abbrev  0x00000632       0xe8 obj/kernel_systick.o
 .debug_abbrev  0x0000071a      0x34f obj/kernel_thread.o
 .debug_abbrev  0x00000a69      0x27d obj/kernel_uart.o
 .debug_abbrev  0x00000ce6       0x3a obj/usercode_terminal.o
 .debug_abbrev  0x00000d20      0x15e obj/usercode_user_main.o
 .debug_abbrev  0x00000e7e       0x14 obj/userasm_init.o
 .debug_abbrev  0x00000e92       0x14 obj/userasm_svc.o

.debug_aranges  0x00000000      0x278
 .debug_aranges
                0x00000000       0x20 obj/asm_reset.o
 .debug_aranges
                0x00000020       0x38 obj/kernel_gpio.o
 .debug_aranges
                0x00000058       0x58 obj/kernel_handlers.o
 .debug_aranges
                0x000000b0       0x28 obj/kernel_main.o
 .debug_aranges
                0x000000d8       0x30 obj/kernel_nvic.o
 .debug_aranges
                0x00000108       0x28 obj/kernel_systick.o
 .debug_aranges
                0x00000130       0x58 obj/kernel_thread.o
 .debug_aranges
                0x00000188       0x50 obj/kernel_uart.o
 .debug_aranges
                0x000001d8       0x20 obj/usercode_terminal.o
 .debug_aranges
                0x000001f8       0x40 obj/usercode_user_main.o
 .debug_aranges
                0x00000238       0x20 obj/userasm_init.o
 .debug_aranges
                0x00000258       0x20 obj/userasm_svc.o

.debug_str      0x00000000     0x5d1c
 .debug_str     0x00000000     0x5d1c obj/asm_reset.o
                                 0x32 (size before relaxing)
 .debug_str     0x00005d1c     0x3d5a obj/kernel_gpio.o
 .debug_str     0x00005d1c     0x512e obj/kernel_handlers.o
 .debug_str     0x00005d1c     0x5074 obj/kernel_main.o
 .debug_str     0x00005d1c     0x3a64 obj/kernel_nvic.o
 .debug_str     0x00005d1c     0x4e7b obj/kernel_systick.o
 .debug_str     0x00005d1c     0x533b obj/kernel_thread.o
 .debug_str     0x00005d1c     0x5511 obj/kernel_uart.o
 .debug_str     0x00005d1c     0x2dd8 obj/usercode_terminal.o
 .debug_str     0x00005d1c     0x4e77 obj/usercode_user_main.o
 .debug_str     0x00005d1c       0x36 obj/userasm_init.o
 .debug_str     0x00005d1c       0x35 obj/userasm_svc.o

.debug_loclists
                0x00000000      0xba0
 .debug_loclists
                0x00000000      0x190 obj/kernel_gpio.o
 .debug_loclists
                0x00000190      0x14c obj/kernel_handlers.o
 .debug_loclists
                0x000002dc       0xc8 obj/kernel_main.o
 .debug_loclists
                0x000003a4       0xdb obj/kernel_nvic.o
 .debug_loclists
                0x0000047f       0x51 obj/kernel_systick.o
 .debug_loclists
                0x000004d0      0x48a obj/kernel_thread.o
 .debug_loclists
                0x0000095a      0x211 obj/kernel_uart.o
 .debug_loclists
                0x00000b6b       0x35 obj/usercode_user_main.o

.debug_rnglists
                0x00000000      0x26f
 .debug_rnglists
                0x00000000       0x25 obj/kernel_gpio.o
 .debug_rnglists
                0x00000025       0x3d obj/kernel_handlers.o
 .debug_rnglists
                0x00000062       0x28 obj/kernel_main.o
 .debug_rnglists
                0x0000008a       0x1f obj/kernel_nvic.o
 .debug_rnglists
                0x000000a9       0x19 obj/kernel_systick.o
 .debug_rnglists
                0x000000c2      0x106 obj/kernel_thread.o
 .debug_rnglists
                0x000001c8       0x69 obj/kernel_uart.o
 .debug_rnglists
                0x00000231       0x13 obj/usercode_terminal.o
 .debug_rnglists
                0x00000244       0x2b obj/usercode_user_main.o

.debug_macro    0x00000000      0x708
 .debug_macro   0x00000000       0x50 obj/kernel_gpio.o
 .debug_macro   0x00000050       0xb2 obj/kernel_gpio.o
 .debug_macro   0x00000102       0x2e obj/kernel_gpio.o
 .debug_macro   0x00000130       0xe7 obj/kernel_handlers.o
 .debug_macro   0x00000217       0x10 obj/kernel_handlers.o
 .debug_macro   0x00000227       0x10 obj/kernel_handlers.o
 .debug_macro   0x00000237       0x22 obj/kernel_handlers.o
 .debug_macro   0x00000259       0x10 obj/kernel_handlers.o
 .debug_macro   0x00000269       0x22 obj/kernel_handlers.o
 .debug_macro   0x0000028b       0xce obj/kernel_main.o
 .debug_macro   0x00000359       0x2d obj/kernel_nvic.o
 .debug_macro   0x00000386       0xaf obj/kernel_systick.o
 .debug_macro   0x00000435      0x100 obj/kernel_thread.o
 .debug_macro   0x00000535      0x115 obj/kernel_uart.o
 .debug_macro   0x0000064a       0x11 obj/usercode_terminal.o
 .debug_macro   0x0000065b       0xad obj/usercode_user_main.o

.debug_frame    0x00000000      0x428
 .debug_frame   0x00000000       0x5c obj/kernel_gpio.o
 .debug_frame   0x0000005c       0xa4 obj/kernel_handlers.o
 .debug_frame   0x00000100       0x38 obj/kernel_main.o
 .debug_frame   0x00000138       0x4c obj/kernel_nvic.o
 .debug_frame   0x00000184       0x30 obj/kernel_systick.o
 .debug_frame   0x000001b4      0x120 obj/kernel_thread.o
 .debug_frame   0x000002d4       0xac obj/kernel_uart.o
 .debug_frame   0x00000380       0x20 obj/usercode_terminal.o
 .debug_frame   0x000003a0       0x88 obj/usercode_user_main.o
